Information: Updating design information... (UID-85)
Warning: Design 'MyDesign' contains 1 high-fanout nets. A fanout number of 1000 will be used for delay calculations involving these nets. (TIM-134)
 
****************************************
Report : timing
        -path full
        -delay max
        -max_paths 1
Design : MyDesign
Version: K-2015.06-SP1
Date   : Fri Nov 23 15:25:05 2018
****************************************

 # A fanout number of 1000 was used for high fanout net computations.

Operating Conditions: slow   Library: NangateOpenCellLibrary_PDKv1_2_v2008_10_slow_nldm
Wire Load Model Mode: top

  Startpoint: wcon/count_minus7_evens_reg[1]
              (rising edge-triggered flip-flop clocked by clk)
  Endpoint: w_data/W_intermediate_reg[16][31]
            (rising edge-triggered flip-flop clocked by clk)
  Path Group: clk
  Path Type: max

  Point                                                   Incr       Path
  --------------------------------------------------------------------------
  clock clk (rise edge)                                 0.0000     0.0000
  clock network delay (ideal)                           0.0000     0.0000
  wcon/count_minus7_evens_reg[1]/CK (DFF_X1)            0.0000 #   0.0000 r
  wcon/count_minus7_evens_reg[1]/Q (DFF_X1)             0.6495     0.6495 f
  wcon/count_minus7_evens[1] (w_control)                0.0000     0.6495 f
  w_data/fsm_count_minus7_evens[1] (w_datapath)         0.0000     0.6495 f
  w_data/U565/ZN (AND2_X4)                              0.2664     0.9159 f
  w_data/U243/ZN (AND2_X4)                              0.3645     1.2804 f
  w_data/U1474/ZN (INV_X4)                              0.1757     1.4561 r
  w_data/U1383/ZN (INV_X4)                              0.1453     1.6014 f
  w_data/U9893/ZN (NAND2_X2)                            0.1422     1.7435 r
  w_data/U9892/ZN (NAND2_X2)                            0.0695     1.8130 f
  w_data/U9891/ZN (AOI221_X2)                           0.4573     2.2703 r
  w_data/U9890/ZN (AND2_X1)                             0.2518     2.5221 r
  w_data/U9889/ZN (OAI22_X2)                            0.1097     2.6318 f
  w_data/U9888/ZN (AOI221_X2)                           0.5144     3.1462 r
  w_data/U9887/ZN (NAND2_X2)                            0.1283     3.2744 f
  w_data/add_1_root_add_0_root_add_1967_2/A[11] (w_datapath_DW01_add_13)
                                                        0.0000     3.2744 f
  w_data/add_1_root_add_0_root_add_1967_2/U315/ZN (NOR2_X2)
                                                        0.2823     3.5568 r
  w_data/add_1_root_add_0_root_add_1967_2/U268/ZN (OAI21_X2)
                                                        0.1083     3.6651 f
  w_data/add_1_root_add_0_root_add_1967_2/U267/ZN (AOI21_X2)
                                                        0.3467     4.0118 r
  w_data/add_1_root_add_0_root_add_1967_2/U243/ZN (OAI21_X2)
                                                        0.1130     4.1248 f
  w_data/add_1_root_add_0_root_add_1967_2/U241/ZN (AOI21_X2)
                                                        0.3776     4.5024 r
  w_data/add_1_root_add_0_root_add_1967_2/U274/ZN (OAI21_X2)
                                                        0.1422     4.6445 f
  w_data/add_1_root_add_0_root_add_1967_2/U261/ZN (AOI21_X2)
                                                        0.2435     4.8881 r
  w_data/add_1_root_add_0_root_add_1967_2/U276/ZN (OAI21_X2)
                                                        0.1426     5.0307 f
  w_data/add_1_root_add_0_root_add_1967_2/U263/ZN (AOI21_X2)
                                                        0.2437     5.2744 r
  w_data/add_1_root_add_0_root_add_1967_2/U277/ZN (OAI21_X2)
                                                        0.1426     5.4170 f
  w_data/add_1_root_add_0_root_add_1967_2/U265/ZN (AOI21_X2)
                                                        0.2437     5.6607 r
  w_data/add_1_root_add_0_root_add_1967_2/U321/ZN (OAI21_X2)
                                                        0.1383     5.7990 f
  w_data/add_1_root_add_0_root_add_1967_2/U6/CO (FA_X1)
                                                        0.5016     6.3006 f
  w_data/add_1_root_add_0_root_add_1967_2/U5/CO (FA_X1)
                                                        0.5172     6.8179 f
  w_data/add_1_root_add_0_root_add_1967_2/U4/CO (FA_X1)
                                                        0.5172     7.3351 f
  w_data/add_1_root_add_0_root_add_1967_2/U3/S (FA_X1)
                                                        0.7144     8.0495 f
  w_data/add_1_root_add_0_root_add_1967_2/SUM[30] (w_datapath_DW01_add_13)
                                                        0.0000     8.0495 f
  w_data/add_0_root_add_0_root_add_1967_2/A[30] (w_datapath_DW01_add_17)
                                                        0.0000     8.0495 f
  w_data/add_0_root_add_0_root_add_1967_2/U3/CO (FA_X1)
                                                        0.5842     8.6338 f
  w_data/add_0_root_add_0_root_add_1967_2/U1/Z (XOR2_X2)
                                                        0.4213     9.0550 f
  w_data/add_0_root_add_0_root_add_1967_2/SUM[31] (w_datapath_DW01_add_17)
                                                        0.0000     9.0550 f
  w_data/U1201/ZN (INV_X4)                              0.3814     9.4364 r
  w_data/U23918/ZN (OAI22_X2)                           0.1600     9.5965 f
  w_data/W_intermediate_reg[16][31]/D (DFF_X2)          0.0000     9.5965 f
  data arrival time                                                9.5965

  clock clk (rise edge)                                10.0000    10.0000
  clock network delay (ideal)                           0.0000    10.0000
  clock uncertainty                                    -0.0500     9.9500
  w_data/W_intermediate_reg[16][31]/CK (DFF_X2)         0.0000     9.9500 r
  library setup time                                   -0.3505     9.5995
  data required time                                               9.5995
  --------------------------------------------------------------------------
  data required time                                               9.5995
  data arrival time                                               -9.5965
  --------------------------------------------------------------------------
  slack (MET)                                                      0.0030


1
