 
****************************************
Report : timing
        -path full
        -delay max
        -max_paths 1
Design : MyDesign
Version: K-2015.06-SP1
Date   : Fri Nov 23 15:25:59 2018
****************************************

 # A fanout number of 1000 was used for high fanout net computations.

Operating Conditions: slow   Library: NangateOpenCellLibrary_PDKv1_2_v2008_10_slow_nldm
Wire Load Model Mode: top

  Startpoint: wcon/count_minus7_odds_reg[0]
              (rising edge-triggered flip-flop clocked by clk)
  Endpoint: w_data/W_intermediate_reg[51][31]
            (rising edge-triggered flip-flop clocked by clk)
  Path Group: clk
  Path Type: max

  Point                                                   Incr       Path
  --------------------------------------------------------------------------
  clock clk (rise edge)                                 0.0000     0.0000
  clock network delay (ideal)                           0.0000     0.0000
  wcon/count_minus7_odds_reg[0]/CK (DFF_X1)             0.0000 #   0.0000 r
  wcon/count_minus7_odds_reg[0]/Q (DFF_X1)              0.6244     0.6244 r
  wcon/count_minus7_odds[0] (w_control)                 0.0000     0.6244 r
  w_data/fsm_count_minus7_odds[0] (w_datapath)          0.0000     0.6244 r
  w_data/U21392/ZN (INV_X4)                             0.0682     0.6927 f
  w_data/U519/ZN (AND3_X4)                              0.3227     1.0154 f
  w_data/U1499/ZN (INV_X1)                              0.2082     1.2236 r
  w_data/U1501/ZN (INV_X8)                              0.1780     1.4016 f
  w_data/U27335/ZN (INV_X1)                             0.4681     1.8697 r
  w_data/U1380/ZN (INV_X4)                              0.3378     2.2075 f
  w_data/U19629/ZN (NAND2_X2)                           0.1937     2.4012 r
  w_data/U19628/ZN (NAND2_X2)                           0.0731     2.4743 f
  w_data/U19627/ZN (AOI221_X2)                          0.4576     2.9318 r
  w_data/U19622/ZN (AND2_X1)                            0.2287     3.1605 r
  w_data/U19621/ZN (OAI22_X2)                           0.1097     3.2703 f
  w_data/U19620/ZN (AOI221_X2)                          0.5018     3.7720 r
  w_data/U19619/ZN (NAND2_X2)                           0.1290     3.9011 f
  w_data/add_1_root_add_0_root_add_1968_2/A[9] (w_datapath_DW01_add_12)
                                                        0.0000     3.9011 f
  w_data/add_1_root_add_0_root_add_1968_2/U319/ZN (NOR2_X2)
                                                        0.2384     4.1395 r
  w_data/add_1_root_add_0_root_add_1968_2/U269/ZN (OAI21_X2)
                                                        0.1303     4.2698 f
  w_data/add_1_root_add_0_root_add_1968_2/U267/ZN (AOI21_X2)
                                                        0.2611     4.5309 r
  w_data/add_1_root_add_0_root_add_1968_2/U243/ZN (OAI21_X2)
                                                        0.1130     4.6439 f
  w_data/add_1_root_add_0_root_add_1968_2/U241/ZN (AOI21_X2)
                                                        0.3776     5.0215 r
  w_data/add_1_root_add_0_root_add_1968_2/U275/ZN (OAI21_X2)
                                                        0.1422     5.1637 f
  w_data/add_1_root_add_0_root_add_1968_2/U263/ZN (AOI21_X2)
                                                        0.2435     5.4072 r
  w_data/add_1_root_add_0_root_add_1968_2/U277/ZN (OAI21_X2)
                                                        0.1426     5.5498 f
  w_data/add_1_root_add_0_root_add_1968_2/U265/ZN (AOI21_X2)
                                                        0.2437     5.7935 r
  w_data/add_1_root_add_0_root_add_1968_2/U278/ZN (OAI21_X2)
                                                        0.1426     5.9361 f
  w_data/add_1_root_add_0_root_add_1968_2/U272/ZN (AOI21_X2)
                                                        0.2013     6.1374 r
  w_data/add_1_root_add_0_root_add_1968_2/U325/ZN (INV_X4)
                                                        0.0562     6.1936 f
  w_data/add_1_root_add_0_root_add_1968_2/U6/CO (FA_X1)
                                                        0.4832     6.6768 f
  w_data/add_1_root_add_0_root_add_1968_2/U5/CO (FA_X1)
                                                        0.5172     7.1940 f
  w_data/add_1_root_add_0_root_add_1968_2/U4/CO (FA_X1)
                                                        0.5172     7.7113 f
  w_data/add_1_root_add_0_root_add_1968_2/U3/S (FA_X1)
                                                        0.7209     8.4322 f
  w_data/add_1_root_add_0_root_add_1968_2/SUM[30] (w_datapath_DW01_add_12)
                                                        0.0000     8.4322 f
  w_data/add_0_root_add_0_root_add_1968_2/A[30] (w_datapath_DW01_add_15)
                                                        0.0000     8.4322 f
  w_data/add_0_root_add_0_root_add_1968_2/U3/CO (FA_X1)
                                                        0.6335     9.0657 f
  w_data/add_0_root_add_0_root_add_1968_2/U1/Z (XOR2_X2)
                                                        0.4122     9.4779 f
  w_data/add_0_root_add_0_root_add_1968_2/SUM[31] (w_datapath_DW01_add_15)
                                                        0.0000     9.4779 f
  w_data/U1203/ZN (INV_X4)                              0.3684     9.8463 r
  w_data/U22212/ZN (OAI221_X2)                          0.2149    10.0611 f
  w_data/W_intermediate_reg[51][31]/D (DFF_X2)          0.0000    10.0611 f
  data arrival time                                               10.0611

  clock clk (rise edge)                                10.0000    10.0000
  clock network delay (ideal)                           0.0000    10.0000
  clock uncertainty                                    -0.0500     9.9500
  w_data/W_intermediate_reg[51][31]/CK (DFF_X2)         0.0000     9.9500 r
  library setup time                                   -0.3608     9.5892
  data required time                                               9.5892
  --------------------------------------------------------------------------
  data required time                                               9.5892
  data arrival time                                              -10.0611
  --------------------------------------------------------------------------
  slack (VIOLATED)                                                -0.4719


1
